SQL> 
SQL> COLUMN LINEITEM FORMAT 99,999,999
SQL> COLUMN ORDERS FORMAT 99,999,999
SQL> COLUMN CUSTOMER FORMAT 999,999
SQL> COLUMN PARTSUPP FORMAT 99,999,999
SQL> COLUMN SUPPLIER FORMAT 999,999
SQL> COLUMN PART FORMAT 99,999,999
SQL> COLUMN NATION FORMAT 999
SQL> COLUMN REGION FORMAT 99
SQL> SELECT (SELECT COUNT(*) FROM LINEITEM )LINEITEM,
  2         (SELECT COUNT(*) FROM ORDERS ) ORDERS,
  3         (SELECT COUNT(*) FROM CUSTOMER ) CUSTOMER,
  4         (SELECT COUNT(*) FROM PARTSUPP ) PARTSUPP,
  5         (SELECT COUNT(*) FROM SUPPLIER ) SUPPLIER,
  6         (SELECT COUNT(*) FROM PART ) PART,
  7         (SELECT COUNT(*) FROM NATION ) NATION,
  8         (SELECT COUNT(*) FROM REGION ) REGION
  9  FROM DUAL;

   LINEITEM      ORDERS CUSTOMER    PARTSUPP SUPPLIER        PART NATION REGION
----------- ----------- -------- ----------- -------- ----------- ------ ------
        309          85       16          40        5          10     30     10

1 row selected. 

SQL> 
SQL> spool off
